// Jest Snapshot v1, https://goo.gl/fbAQLP

exports[`1 1`] = `"<document source=\\"default\\"><bullet_list bullet=\\"*\\"><list_item><paragraph>a bullet point</paragraph></list_item></bullet_list></document>"`;
