// Jest Snapshot v1, https://goo.gl/fbAQLP

exports[`full rst2xml pipeline with specific input 1`] = `undefined`;
