// Jest Snapshot v1, https://goo.gl/fbAQLP

exports[`parse misc doc 1`] = `
"<document source=\\"\\">
<section ids=\\"te-t\\" names=\\"test\\"><title>Test</title><paragraph>
Poof
----</paragraph><section ids=\\"1\\" names=\\"\\"><title/><paragraph/><paragraph/></section></section></document>"
`;
