// Jest Snapshot v1, https://goo.gl/fbAQLP

exports[`paragraph with text 1`] = `"<paragraph>[object Object]</paragraph>"`;
